Archive member included to satisfy reference by file (symbol)

c:/program files/programy_praca/stm32cubeide_1.9.0/stm32cubeide/plugins/com.st.stm32cube.ide.mcu.externaltools.gnu-tools-for-stm32.10.3-2021.10.win32_1.0.0.202111181127/tools/bin/../lib/gcc/arm-none-eabi/10.3.1/../../../../arm-none-eabi/lib/thumb/v7e-m+fp/hard\libc_nano.a(lib_a-errno.o)
                              ./Core/Src/syscalls.o (__errno)
c:/program files/programy_praca/stm32cubeide_1.9.0/stm32cubeide/plugins/com.st.stm32cube.ide.mcu.externaltools.gnu-tools-for-stm32.10.3-2021.10.win32_1.0.0.202111181127/tools/bin/../lib/gcc/arm-none-eabi/10.3.1/../../../../arm-none-eabi/lib/thumb/v7e-m+fp/hard\libc_nano.a(lib_a-exit.o)
                              c:/program files/programy_praca/stm32cubeide_1.9.0/stm32cubeide/plugins/com.st.stm32cube.ide.mcu.externaltools.gnu-tools-for-stm32.10.3-2021.10.win32_1.0.0.202111181127/tools/bin/../lib/gcc/arm-none-eabi/10.3.1/../../../../arm-none-eabi/lib/thumb/v7e-m+fp/hard/crt0.o (exit)
c:/program files/programy_praca/stm32cubeide_1.9.0/stm32cubeide/plugins/com.st.stm32cube.ide.mcu.externaltools.gnu-tools-for-stm32.10.3-2021.10.win32_1.0.0.202111181127/tools/bin/../lib/gcc/arm-none-eabi/10.3.1/../../../../arm-none-eabi/lib/thumb/v7e-m+fp/hard\libc_nano.a(lib_a-impure.o)
                              c:/program files/programy_praca/stm32cubeide_1.9.0/stm32cubeide/plugins/com.st.stm32cube.ide.mcu.externaltools.gnu-tools-for-stm32.10.3-2021.10.win32_1.0.0.202111181127/tools/bin/../lib/gcc/arm-none-eabi/10.3.1/../../../../arm-none-eabi/lib/thumb/v7e-m+fp/hard\libc_nano.a(lib_a-exit.o) (_global_impure_ptr)
c:/program files/programy_praca/stm32cubeide_1.9.0/stm32cubeide/plugins/com.st.stm32cube.ide.mcu.externaltools.gnu-tools-for-stm32.10.3-2021.10.win32_1.0.0.202111181127/tools/bin/../lib/gcc/arm-none-eabi/10.3.1/../../../../arm-none-eabi/lib/thumb/v7e-m+fp/hard\libc_nano.a(lib_a-init.o)
                              c:/program files/programy_praca/stm32cubeide_1.9.0/stm32cubeide/plugins/com.st.stm32cube.ide.mcu.externaltools.gnu-tools-for-stm32.10.3-2021.10.win32_1.0.0.202111181127/tools/bin/../lib/gcc/arm-none-eabi/10.3.1/../../../../arm-none-eabi/lib/thumb/v7e-m+fp/hard/crt0.o (__libc_init_array)
c:/program files/programy_praca/stm32cubeide_1.9.0/stm32cubeide/plugins/com.st.stm32cube.ide.mcu.externaltools.gnu-tools-for-stm32.10.3-2021.10.win32_1.0.0.202111181127/tools/bin/../lib/gcc/arm-none-eabi/10.3.1/../../../../arm-none-eabi/lib/thumb/v7e-m+fp/hard\libc_nano.a(lib_a-memset.o)
                              c:/program files/programy_praca/stm32cubeide_1.9.0/stm32cubeide/plugins/com.st.stm32cube.ide.mcu.externaltools.gnu-tools-for-stm32.10.3-2021.10.win32_1.0.0.202111181127/tools/bin/../lib/gcc/arm-none-eabi/10.3.1/../../../../arm-none-eabi/lib/thumb/v7e-m+fp/hard/crt0.o (memset)

Discarded input sections

 .text          0x0000000000000000        0x0 c:/program files/programy_praca/stm32cubeide_1.9.0/stm32cubeide/plugins/com.st.stm32cube.ide.mcu.externaltools.gnu-tools-for-stm32.10.3-2021.10.win32_1.0.0.202111181127/tools/bin/../lib/gcc/arm-none-eabi/10.3.1/thumb/v7e-m+fp/hard/crti.o
 .data          0x0000000000000000        0x0 c:/program files/programy_praca/stm32cubeide_1.9.0/stm32cubeide/plugins/com.st.stm32cube.ide.mcu.externaltools.gnu-tools-for-stm32.10.3-2021.10.win32_1.0.0.202111181127/tools/bin/../lib/gcc/arm-none-eabi/10.3.1/thumb/v7e-m+fp/hard/crti.o
 .bss           0x0000000000000000        0x0 c:/program files/programy_praca/stm32cubeide_1.9.0/stm32cubeide/plugins/com.st.stm32cube.ide.mcu.externaltools.gnu-tools-for-stm32.10.3-2021.10.win32_1.0.0.202111181127/tools/bin/../lib/gcc/arm-none-eabi/10.3.1/thumb/v7e-m+fp/hard/crti.o
 .data          0x0000000000000000        0x4 c:/program files/programy_praca/stm32cubeide_1.9.0/stm32cubeide/plugins/com.st.stm32cube.ide.mcu.externaltools.gnu-tools-for-stm32.10.3-2021.10.win32_1.0.0.202111181127/tools/bin/../lib/gcc/arm-none-eabi/10.3.1/thumb/v7e-m+fp/hard/crtbegin.o
 .rodata        0x0000000000000000       0x24 c:/program files/programy_praca/stm32cubeide_1.9.0/stm32cubeide/plugins/com.st.stm32cube.ide.mcu.externaltools.gnu-tools-for-stm32.10.3-2021.10.win32_1.0.0.202111181127/tools/bin/../lib/gcc/arm-none-eabi/10.3.1/thumb/v7e-m+fp/hard/crtbegin.o
 .text          0x0000000000000000       0x7c c:/program files/programy_praca/stm32cubeide_1.9.0/stm32cubeide/plugins/com.st.stm32cube.ide.mcu.externaltools.gnu-tools-for-stm32.10.3-2021.10.win32_1.0.0.202111181127/tools/bin/../lib/gcc/arm-none-eabi/10.3.1/../../../../arm-none-eabi/lib/thumb/v7e-m+fp/hard/crt0.o
 .data          0x0000000000000000        0x0 c:/program files/programy_praca/stm32cubeide_1.9.0/stm32cubeide/plugins/com.st.stm32cube.ide.mcu.externaltools.gnu-tools-for-stm32.10.3-2021.10.win32_1.0.0.202111181127/tools/bin/../lib/gcc/arm-none-eabi/10.3.1/../../../../arm-none-eabi/lib/thumb/v7e-m+fp/hard/crt0.o
[...]
Memory Configuration

Name             Origin             Length             Attributes
CCMRAM           0x0000000010000000 0x0000000000004000 xrw
RAM              0x0000000020000000 0x0000000000010000 xrw
FLASH            0x0000000008000000 0x0000000000080000 xr
*default*        0x0000000000000000 0xffffffffffffffff

Linker script and memory map

LOAD c:/program files/programy_praca/stm32cubeide_1.9.0/stm32cubeide/plugins/com.st.stm32cube.ide.mcu.externaltools.gnu-tools-for-stm32.10.3-2021.10.win32_1.0.0.202111181127/tools/bin/../lib/gcc/arm-none-eabi/10.3.1/thumb/v7e-m+fp/hard/crti.o
LOAD c:/program files/programy_praca/stm32cubeide_1.9.0/stm32cubeide/plugins/com.st.stm32cube.ide.mcu.externaltools.gnu-tools-for-stm32.10.3-2021.10.win32_1.0.0.202111181127/tools/bin/../lib/gcc/arm-none-eabi/10.3.1/thumb/v7e-m+fp/hard/crtbegin.o
LOAD c:/program files/programy_praca/stm32cubeide_1.9.0/stm32cubeide/plugins/com.st.stm32cube.ide.mcu.externaltools.gnu-tools-for-stm32.10.3-2021.10.win32_1.0.0.202111181127/tools/bin/../lib/gcc/arm-none-eabi/10.3.1/../../../../arm-none-eabi/lib/thumb/v7e-m+fp/hard/crt0.o
LOAD ./Core/Src/main.o
LOAD ./Core/Src/stm32f3xx_hal_msp.o
LOAD ./Core/Src/stm32f3xx_it.o
LOAD ./Core/Src/syscalls.o
LOAD ./Core/Src/sysmem.o
LOAD ./Core/Src/system_stm32f3xx.o
LOAD ./Drivers/STM32F3xx_HAL_Driver/Src/stm32f3xx_hal.o
LOAD ./Drivers/STM32F3xx_HAL_Driver/Src/stm32f3xx_hal_cortex.o
LOAD ./Drivers/STM32F3xx_HAL_Driver/Src/stm32f3xx_hal_dma.o
LOAD ./Drivers/STM32F3xx_HAL_Driver/Src/stm32f3xx_hal_exti.o
LOAD ./Drivers/STM32F3xx_HAL_Driver/Src/stm32f3xx_hal_flash.o
LOAD ./Drivers/STM32F3xx_HAL_Driver/Src/stm32f3xx_hal_flash_ex.o
LOAD ./Drivers/STM32F3xx_HAL_Driver/Src/stm32f3xx_hal_gpio.o
LOAD ./Drivers/STM32F3xx_HAL_Driver/Src/stm32f3xx_hal_i2c.o
LOAD ./Drivers/STM32F3xx_HAL_Driver/Src/stm32f3xx_hal_i2c_ex.o
LOAD ./Drivers/STM32F3xx_HAL_Driver/Src/stm32f3xx_hal_pwr.o
LOAD ./Drivers/STM32F3xx_HAL_Driver/Src/stm32f3xx_hal_pwr_ex.o
LOAD ./Drivers/STM32F3xx_HAL_Driver/Src/stm32f3xx_hal_rcc.o
LOAD ./Drivers/STM32F3xx_HAL_Driver/Src/stm32f3xx_hal_rcc_ex.o
LOAD ./Drivers/STM32F3xx_HAL_Driver/Src/stm32f3xx_hal_tim.o
LOAD ./Drivers/STM32F3xx_HAL_Driver/Src/stm32f3xx_hal_tim_ex.o
LOAD ./Drivers/STM32F3xx_HAL_Driver/Src/stm32f3xx_hal_uart.o
LOAD ./Drivers/STM32F3xx_HAL_Driver/Src/stm32f3xx_hal_uart_ex.o
LOAD ./Startup/startup_stm32f303retx.o
START GROUP
LOAD c:/program files/programy_praca/stm32cubeide_1.9.0/stm32cubeide/plugins/com.st.stm32cube.ide.mcu.externaltools.gnu-tools-for-stm32.10.3-2021.10.win32_1.0.0.202111181127/tools/bin/../lib/gcc/arm-none-eabi/10.3.1/../../../../arm-none-eabi/lib/thumb/v7e-m+fp/hard\libstdc++_nano.a
LOAD c:/program files/programy_praca/stm32cubeide_1.9.0/stm32cubeide/plugins/com.st.stm32cube.ide.mcu.externaltools.gnu-tools-for-stm32.10.3-2021.10.win32_1.0.0.202111181127/tools/bin/../lib/gcc/arm-none-eabi/10.3.1/../../../../arm-none-eabi/lib/thumb/v7e-m+fp/hard\libsupc++_nano.a
END GROUP
LOAD c:/program files/programy_praca/stm32cubeide_1.9.0/stm32cubeide/plugins/com.st.stm32cube.ide.mcu.externaltools.gnu-tools-for-stm32.10.3-2021.10.win32_1.0.0.202111181127/tools/bin/../lib/gcc/arm-none-eabi/10.3.1/../../../../arm-none-eabi/lib/thumb/v7e-m+fp/hard\libstdc++_nano.a
LOAD c:/program files/programy_praca/stm32cubeide_1.9.0/stm32cubeide/plugins/com.st.stm32cube.ide.mcu.externaltools.gnu-tools-for-stm32.10.3-2021.10.win32_1.0.0.202111181127/tools/bin/../lib/gcc/arm-none-eabi/10.3.1/../../../../arm-none-eabi/lib/thumb/v7e-m+fp/hard\libm.a
LOAD c:/program files/programy_praca/stm32cubeide_1.9.0/stm32cubeide/plugins/com.st.stm32cube.ide.mcu.externaltools.gnu-tools-for-stm32.10.3-2021.10.win32_1.0.0.202111181127/tools/bin/../lib/gcc/arm-none-eabi/10.3.1/../../../../arm-none-eabi/lib/thumb/v7e-m+fp/hard\libc_nano.a
START GROUP
LOAD c:/program files/programy_praca/stm32cubeide_1.9.0/stm32cubeide/plugins/com.st.stm32cube.ide.mcu.externaltools.gnu-tools-for-stm32.10.3-2021.10.win32_1.0.0.202111181127/tools/bin/../lib/gcc/arm-none-eabi/10.3.1/thumb/v7e-m+fp/hard\libgcc.a
LOAD c:/program files/programy_praca/stm32cubeide_1.9.0/stm32cubeide/plugins/com.st.stm32cube.ide.mcu.externaltools.gnu-tools-for-stm32.10.3-2021.10.win32_1.0.0.202111181127/tools/bin/../lib/gcc/arm-none-eabi/10.3.1/../../../../arm-none-eabi/lib/thumb/v7e-m+fp/hard\libc_nano.a
END GROUP
START GROUP
LOAD c:/program files/programy_praca/stm32cubeide_1.9.0/stm32cubeide/plugins/com.st.stm32cube.ide.mcu.externaltools.gnu-tools-for-stm32.10.3-2021.10.win32_1.0.0.202111181127/tools/bin/../lib/gcc/arm-none-eabi/10.3.1/thumb/v7e-m+fp/hard\libgcc.a
LOAD c:/program files/programy_praca/stm32cubeide_1.9.0/stm32cubeide/plugins/com.st.stm32cube.ide.mcu.externaltools.gnu-tools-for-stm32.10.3-2021.10.win32_1.0.0.202111181127/tools/bin/../lib/gcc/arm-none-eabi/10.3.1/../../../../arm-none-eabi/lib/thumb/v7e-m+fp/hard\libc_nano.a
LOAD c:/program files/programy_praca/stm32cubeide_1.9.0/stm32cubeide/plugins/com.st.stm32cube.ide.mcu.externaltools.gnu-tools-for-stm32.10.3-2021.10.win32_1.0.0.202111181127/tools/bin/../lib/gcc/arm-none-eabi/10.3.1/../../../../arm-none-eabi/lib/thumb/v7e-m+fp/hard\libnosys.a
END GROUP
START GROUP
LOAD c:/program files/programy_praca/stm32cubeide_1.9.0/stm32cubeide/plugins/com.st.stm32cube.ide.mcu.externaltools.gnu-tools-for-stm32.10.3-2021.10.win32_1.0.0.202111181127/tools/bin/../lib/gcc/arm-none-eabi/10.3.1/thumb/v7e-m+fp/hard\libgcc.a
LOAD c:/program files/programy_praca/stm32cubeide_1.9.0/stm32cubeide/plugins/com.st.stm32cube.ide.mcu.externaltools.gnu-tools-for-stm32.10.3-2021.10.win32_1.0.0.202111181127/tools/bin/../lib/gcc/arm-none-eabi/10.3.1/../../../../arm-none-eabi/lib/thumb/v7e-m+fp/hard\libc_nano.a
LOAD c:/program files/programy_praca/stm32cubeide_1.9.0/stm32cubeide/plugins/com.st.stm32cube.ide.mcu.externaltools.gnu-tools-for-stm32.10.3-2021.10.win32_1.0.0.202111181127/tools/bin/../lib/gcc/arm-none-eabi/10.3.1/../../../../arm-none-eabi/lib/thumb/v7e-m+fp/hard\libnosys.a
END GROUP
LOAD c:/program files/programy_praca/stm32cubeide_1.9.0/stm32cubeide/plugins/com.st.stm32cube.ide.mcu.externaltools.gnu-tools-for-stm32.10.3-2021.10.win32_1.0.0.202111181127/tools/bin/../lib/gcc/arm-none-eabi/10.3.1/thumb/v7e-m+fp/hard/crtend.o
LOAD c:/program files/programy_praca/stm32cubeide_1.9.0/stm32cubeide/plugins/com.st.stm32cube.ide.mcu.externaltools.gnu-tools-for-stm32.10.3-2021.10.win32_1.0.0.202111181127/tools/bin/../lib/gcc/arm-none-eabi/10.3.1/thumb/v7e-m+fp/hard/crtn.o
                0x0000000020010000                _estack = (ORIGIN (RAM) + LENGTH (RAM))
                0x0000000000000200                _Min_Heap_Size = 0x200
                0x0000000000000400                _Min_Stack_Size = 0x400

.isr_vector     0x0000000008000000      0x194
                0x0000000008000000                . = ALIGN (0x4)
 *(.isr_vector)
 .isr_vector    0x0000000008000000      0x194 ./Startup/startup_stm32f303retx.o
                0x0000000008000000                g_pfnVectors
                0x0000000008000194                . = ALIGN (0x4)

.text           0x0000000008000194     0x1da8
                0x0000000008000194                . = ALIGN (0x4)
 *(.text)
 .text          0x0000000008000194       0x40 c:/program files/programy_praca/stm32cubeide_1.9.0/stm32cubeide/plugins/com.st.stm32cube.ide.mcu.externaltools.gnu-tools-for-stm32.10.3-2021.10.win32_1.0.0.202111181127/tools/bin/../lib/gcc/arm-none-eabi/10.3.1/thumb/v7e-m+fp/hard/crtbegin.o
 *(.text*)
 .text.main     0x00000000080001d4       0x24 ./Core/Src/main.o
                0x00000000080001d4                main
 .text.MX_GPIO_Init
                0x00000000080001f8       0x60 ./Core/Src/main.o
                0x00000000080001f8                MX_GPIO_Init
 .text.SystemClock_Config
                0x0000000008000258       0x88 ./Core/Src/main.o
                0x0000000008000258                SystemClock_Config
 .text.Error_Handler
                0x00000000080002e0        0xa ./Core/Src/main.o
                0x00000000080002e0                Error_Handler
 *fill*         0x00000000080002ea        0x2 
 .text.HAL_MspInit
                0x00000000080002ec       0x48 ./Core/Src/stm32f3xx_hal_msp.o
                0x00000000080002ec                HAL_MspInit
 .text.NMI_Handler
                0x0000000008000334        0x6 ./Core/Src/stm32f3xx_it.o
                0x0000000008000334                NMI_Handler
 .text.HardFault_Handler
                0x000000000800033a        0x6 ./Core/Src/stm32f3xx_it.o
                0x000000000800033a                HardFault_Handler
 .text.MemManage_Handler
                0x0000000008000340        0x6 ./Core/Src/stm32f3xx_it.o
                0x0000000008000340                MemManage_Handler
 .text.BusFault_Handler
                0x0000000008000346        0x6 ./Core/Src/stm32f3xx_it.o
                0x0000000008000346                BusFault_Handler
 .text.UsageFault_Handler
                0x000000000800034c        0x6 ./Core/Src/stm32f3xx_it.o
                0x000000000800034c                UsageFault_Handler
 .text.SVC_Handler
                0x0000000008000352        0xe ./Core/Src/stm32f3xx_it.o
                0x0000000008000352                SVC_Handler
 .text.DebugMon_Handler
                0x0000000008000360        0xe ./Core/Src/stm32f3xx_it.o
                0x0000000008000360                DebugMon_Handler
 .text.PendSV_Handler
                0x000000000800036e        0xe ./Core/Src/stm32f3xx_it.o
                0x000000000800036e                PendSV_Handler
 .text.SysTick_Handler
                0x000000000800037c        0xc ./Core/Src/stm32f3xx_it.o
                0x000000000800037c                SysTick_Handler
 .text.SystemInit
                0x0000000008000388       0x24 ./Core/Src/system_stm32f3xx.o
                0x0000000008000388                SystemInit
 .text.HAL_Init
                0x00000000080003ac       0x2c ./Drivers/STM32F3xx_HAL_Driver/Src/stm32f3xx_hal.o
                0x00000000080003ac                HAL_Init
 .text.HAL_InitTick
                0x00000000080003d8       0x60 ./Drivers/STM32F3xx_HAL_Driver/Src/stm32f3xx_hal.o
                0x00000000080003d8                HAL_InitTick
 .text.HAL_IncTick
                0x0000000008000438       0x28 ./Drivers/STM32F3xx_HAL_Driver/Src/stm32f3xx_hal.o
                0x0000000008000438                HAL_IncTick
 .text.HAL_GetTick
                0x0000000008000460       0x18 ./Drivers/STM32F3xx_HAL_Driver/Src/stm32f3xx_hal.o
                0x0000000008000460                HAL_GetTick
 .text.HAL_Delay
                0x0000000008000478       0x48 ./Drivers/STM32F3xx_HAL_Driver/Src/stm32f3xx_hal.o
                0x0000000008000478                HAL_Delay
 .text.__NVIC_SetPriorityGrouping
                0x00000000080004c0       0x48 ./Drivers/STM32F3xx_HAL_Driver/Src/stm32f3xx_hal_cortex.o
 .text.__NVIC_GetPriorityGrouping
                0x0000000008000508       0x1c ./Drivers/STM32F3xx_HAL_Driver/Src/stm32f3xx_hal_cortex.o
 .text.__NVIC_SetPriority
                0x0000000008000524       0x54 ./Drivers/STM32F3xx_HAL_Driver/Src/stm32f3xx_hal_cortex.o
 .text.NVIC_EncodePriority
                0x0000000008000578       0x66 ./Drivers/STM32F3xx_HAL_Driver/Src/stm32f3xx_hal_cortex.o
 *fill*         0x00000000080005de        0x2 
 .text.SysTick_Config
                0x00000000080005e0       0x44 ./Drivers/STM32F3xx_HAL_Driver/Src/stm32f3xx_hal_cortex.o
 .text.HAL_NVIC_SetPriorityGrouping
                0x0000000008000624       0x16 ./Drivers/STM32F3xx_HAL_Driver/Src/stm32f3xx_hal_cortex.o
                0x0000000008000624                HAL_NVIC_SetPriorityGrouping
 .text.HAL_NVIC_SetPriority
                0x000000000800063a       0x38 ./Drivers/STM32F3xx_HAL_Driver/Src/stm32f3xx_hal_cortex.o
                0x000000000800063a                HAL_NVIC_SetPriority
 .text.HAL_SYSTICK_Config
                0x0000000008000672       0x18 ./Drivers/STM32F3xx_HAL_Driver/Src/stm32f3xx_hal_cortex.o
                0x0000000008000672                HAL_SYSTICK_Config
 *fill*         0x000000000800068a        0x2 
 .text.HAL_GPIO_Init
                0x000000000800068c      0x314 ./Drivers/STM32F3xx_HAL_Driver/Src/stm32f3xx_hal_gpio.o
                0x000000000800068c                HAL_GPIO_Init
 .text.HAL_GPIO_WritePin
                0x00000000080009a0       0x30 ./Drivers/STM32F3xx_HAL_Driver/Src/stm32f3xx_hal_gpio.o
                0x00000000080009a0                HAL_GPIO_WritePin
 .text.HAL_GPIO_TogglePin
                0x00000000080009d0       0x34 ./Drivers/STM32F3xx_HAL_Driver/Src/stm32f3xx_hal_gpio.o
                0x00000000080009d0                HAL_GPIO_TogglePin
 .text.HAL_RCC_OscConfig
                0x0000000008000a04     0x10a8 ./Drivers/STM32F3xx_HAL_Driver/Src/stm32f3xx_hal_rcc.o
                0x0000000008000a04                HAL_RCC_OscConfig
 .text.HAL_RCC_ClockConfig
                0x0000000008001aac      0x2f8 ./Drivers/STM32F3xx_HAL_Driver/Src/stm32f3xx_hal_rcc.o
                0x0000000008001aac                HAL_RCC_ClockConfig
 .text.HAL_RCC_GetSysClockFreq
                0x0000000008001da4       0xd4 ./Drivers/STM32F3xx_HAL_Driver/Src/stm32f3xx_hal_rcc.o
                0x0000000008001da4                HAL_RCC_GetSysClockFreq
 .text.Reset_Handler
                0x0000000008001e78       0x50 ./Startup/startup_stm32f303retx.o
                0x0000000008001e78                Reset_Handler
 .text.Default_Handler
                0x0000000008001ec8        0x2 ./Startup/startup_stm32f303retx.o
                0x0000000008001ec8                TIM8_TRG_COM_IRQHandler
                0x0000000008001ec8                TIM8_CC_IRQHandler
                0x0000000008001ec8                DMA1_CH4_IRQHandler
                0x0000000008001ec8                SPI4_IRQHandler
                0x0000000008001ec8                TIM1_CC_IRQHandler
                0x0000000008001ec8                USB_HP_IRQHandler
                0x0000000008001ec8                I2C2_EV_EXTI24_IRQHandler
                0x0000000008001ec8                USB_WKUP_EXTI_IRQHandler
                0x0000000008001ec8                PVD_IRQHandler
                0x0000000008001ec8                UART4_EXTI34_IRQHandler
                0x0000000008001ec8                TAMP_STAMP_IRQHandler
                0x0000000008001ec8                EXTI3_IRQHandler
                0x0000000008001ec8                I2C3_ER_IRQHandler
                0x0000000008001ec8                TIM6_DACUNDER_IRQHandler
                0x0000000008001ec8                USB_HP_CAN_TX_IRQHandler
                0x0000000008001ec8                EXTI0_IRQHandler
                0x0000000008001ec8                DMA2_CH1_IRQHandler
                0x0000000008001ec8                FPU_IRQHandler
                0x0000000008001ec8                TIM1_UP_TIM16_IRQHandler
                0x0000000008001ec8                ADC1_2_IRQHandler
                0x0000000008001ec8                SPI1_IRQHandler
                0x0000000008001ec8                CAN_SCE_IRQHandler
                0x0000000008001ec8                DMA1_CH7_IRQHandler
                0x0000000008001ec8                TIM8_UP_IRQHandler
                0x0000000008001ec8                COMP456_IRQHandler
                0x0000000008001ec8                DMA1_CH6_IRQHandler
                0x0000000008001ec8                TIM20_TRG_COM_IRQHandler
                0x0000000008001ec8                ADC3_IRQHandler
                0x0000000008001ec8                TIM4_IRQHandler
                0x0000000008001ec8                CAN_RX1_IRQHandler
                0x0000000008001ec8                USART1_EXTI25_IRQHandler
                0x0000000008001ec8                DMA2_CH5_IRQHandler
                0x0000000008001ec8                I2C1_EV_EXTI23_IRQHandler
                0x0000000008001ec8                DMA1_CH3_IRQHandler
                0x0000000008001ec8                TIM3_IRQHandler
                0x0000000008001ec8                RCC_IRQHandler
                0x0000000008001ec8                TIM20_UP_IRQHandler
                0x0000000008001ec8                Default_Handler
                0x0000000008001ec8                EXTI15_10_IRQHandler
                0x0000000008001ec8                USART2_EXTI26_IRQHandler
                0x0000000008001ec8                USART3_EXTI28_IRQHandler
                0x0000000008001ec8                TIM7_IRQHandler
                0x0000000008001ec8                I2C3_EV_IRQHandler
                0x0000000008001ec8                EXTI9_5_IRQHandler
                0x0000000008001ec8                DMA1_CH2_IRQHandler
                0x0000000008001ec8                RTC_WKUP_IRQHandler
                0x0000000008001ec8                SPI2_IRQHandler
                0x0000000008001ec8                DMA1_CH1_IRQHandler
                0x0000000008001ec8                USB_LP_CAN_RX0_IRQHandler
                0x0000000008001ec8                COMP123_IRQHandler
                0x0000000008001ec8                USB_LP_IRQHandler
                0x0000000008001ec8                EXTI4_IRQHandler
                0x0000000008001ec8                TIM1_TRG_COM_TIM17_IRQHandler
                0x0000000008001ec8                ADC4_IRQHandler
                0x0000000008001ec8                WWDG_IRQHandler
                0x0000000008001ec8                TIM2_IRQHandler
                0x0000000008001ec8                COMP7_IRQHandler
                0x0000000008001ec8                EXTI1_IRQHandler
                0x0000000008001ec8                RTCAlarm_IRQHandler
                0x0000000008001ec8                UART5_EXTI35_IRQHandler
                0x0000000008001ec8                TIM20_BRK_IRQHandler
                0x0000000008001ec8                I2C2_ER_IRQHandler
                0x0000000008001ec8                TIM8_BRK_IRQHandler
                0x0000000008001ec8                FLASH_IRQHandler
                0x0000000008001ec8                TIM20_CC_IRQHandler
                0x0000000008001ec8                SPI3_IRQHandler
                0x0000000008001ec8                DMA2_CH3_IRQHandler
                0x0000000008001ec8                DMA2_CH2_IRQHandler
                0x0000000008001ec8                I2C1_ER_IRQHandler
                0x0000000008001ec8                FMC_IRQHandler
                0x0000000008001ec8                DMA1_CH5_IRQHandler
                0x0000000008001ec8                DMA2_CH4_IRQHandler
                0x0000000008001ec8                USB_WKUP_IRQHandler
                0x0000000008001ec8                EXTI2_TSC_IRQHandler
                0x0000000008001ec8                TIM1_BRK_TIM15_IRQHandler
 *fill*         0x0000000008001eca        0x2 
 .text.__libc_init_array
                0x0000000008001ecc       0x48 c:/program files/programy_praca/stm32cubeide_1.9.0/stm32cubeide/plugins/com.st.stm32cube.ide.mcu.externaltools.gnu-tools-for-stm32.10.3-2021.10.win32_1.0.0.202111181127/tools/bin/../lib/gcc/arm-none-eabi/10.3.1/../../../../arm-none-eabi/lib/thumb/v7e-m+fp/hard\libc_nano.a(lib_a-init.o)
                0x0000000008001ecc                __libc_init_array
 .text.memset   0x0000000008001f14       0x10 c:/program files/programy_praca/stm32cubeide_1.9.0/stm32cubeide/plugins/com.st.stm32cube.ide.mcu.externaltools.gnu-tools-for-stm32.10.3-2021.10.win32_1.0.0.202111181127/tools/bin/../lib/gcc/arm-none-eabi/10.3.1/../../../../arm-none-eabi/lib/thumb/v7e-m+fp/hard\libc_nano.a(lib_a-memset.o)
                0x0000000008001f14                memset
 *(.glue_7)
 .glue_7        0x0000000008001f24        0x0 linker stubs
 *(.glue_7t)
 .glue_7t       0x0000000008001f24        0x0 linker stubs
 *(.eh_frame)
 .eh_frame      0x0000000008001f24        0x0 c:/program files/programy_praca/stm32cubeide_1.9.0/stm32cubeide/plugins/com.st.stm32cube.ide.mcu.externaltools.gnu-tools-for-stm32.10.3-2021.10.win32_1.0.0.202111181127/tools/bin/../lib/gcc/arm-none-eabi/10.3.1/thumb/v7e-m+fp/hard/crtbegin.o
 *(.init)
 .init          0x0000000008001f24        0x4 c:/program files/programy_praca/stm32cubeide_1.9.0/stm32cubeide/plugins/com.st.stm32cube.ide.mcu.externaltools.gnu-tools-for-stm32.10.3-2021.10.win32_1.0.0.202111181127/tools/bin/../lib/gcc/arm-none-eabi/10.3.1/thumb/v7e-m+fp/hard/crti.o
                0x0000000008001f24                _init
 .init          0x0000000008001f28        0x8 c:/program files/programy_praca/stm32cubeide_1.9.0/stm32cubeide/plugins/com.st.stm32cube.ide.mcu.externaltools.gnu-tools-for-stm32.10.3-2021.10.win32_1.0.0.202111181127/tools/bin/../lib/gcc/arm-none-eabi/10.3.1/thumb/v7e-m+fp/hard/crtn.o
 *(.fini)
 .fini          0x0000000008001f30        0x4 c:/program files/programy_praca/stm32cubeide_1.9.0/stm32cubeide/plugins/com.st.stm32cube.ide.mcu.externaltools.gnu-tools-for-stm32.10.3-2021.10.win32_1.0.0.202111181127/tools/bin/../lib/gcc/arm-none-eabi/10.3.1/thumb/v7e-m+fp/hard/crti.o
                0x0000000008001f30                _fini
 .fini          0x0000000008001f34        0x8 c:/program files/programy_praca/stm32cubeide_1.9.0/stm32cubeide/plugins/com.st.stm32cube.ide.mcu.externaltools.gnu-tools-for-stm32.10.3-2021.10.win32_1.0.0.202111181127/tools/bin/../lib/gcc/arm-none-eabi/10.3.1/thumb/v7e-m+fp/hard/crtn.o
                0x0000000008001f3c                . = ALIGN (0x4)
                0x0000000008001f3c                _etext = .

.vfp11_veneer   0x0000000008001f3c        0x0
 .vfp11_veneer  0x0000000008001f3c        0x0 linker stubs

.v4_bx          0x0000000008001f3c        0x0
 .v4_bx         0x0000000008001f3c        0x0 linker stubs

.iplt           0x0000000008001f3c        0x0
 .iplt          0x0000000008001f3c        0x0 c:/program files/programy_praca/stm32cubeide_1.9.0/stm32cubeide/plugins/com.st.stm32cube.ide.mcu.externaltools.gnu-tools-for-stm32.10.3-2021.10.win32_1.0.0.202111181127/tools/bin/../lib/gcc/arm-none-eabi/10.3.1/thumb/v7e-m+fp/hard/crtbegin.o

.rodata         0x0000000008001f3c       0x30
                0x0000000008001f3c                . = ALIGN (0x4)
 *(.rodata)
 *(.rodata*)
 .rodata.AHBPrescTable
                0x0000000008001f3c       0x10 ./Core/Src/system_stm32f3xx.o
                0x0000000008001f3c                AHBPrescTable
 .rodata.aPLLMULFactorTable
                0x0000000008001f4c       0x10 ./Drivers/STM32F3xx_HAL_Driver/Src/stm32f3xx_hal_rcc.o
 .rodata.aPredivFactorTable
                0x0000000008001f5c       0x10 ./Drivers/STM32F3xx_HAL_Driver/Src/stm32f3xx_hal_rcc.o
                0x0000000008001f6c                . = ALIGN (0x4)

.rel.dyn        0x0000000008001f6c        0x0
 .rel.iplt      0x0000000008001f6c        0x0 c:/program files/programy_praca/stm32cubeide_1.9.0/stm32cubeide/plugins/com.st.stm32cube.ide.mcu.externaltools.gnu-tools-for-stm32.10.3-2021.10.win32_1.0.0.202111181127/tools/bin/../lib/gcc/arm-none-eabi/10.3.1/thumb/v7e-m+fp/hard/crtbegin.o

.ARM.extab      0x0000000008001f6c        0x0
                0x0000000008001f6c                . = ALIGN (0x4)
 *(.ARM.extab* .gnu.linkonce.armextab.*)
                0x0000000008001f6c                . = ALIGN (0x4)

.ARM            0x0000000008001f6c        0x0
                0x0000000008001f6c                . = ALIGN (0x4)
                0x0000000008001f6c                __exidx_start = .
 *(.ARM.exidx*)
                0x0000000008001f6c                __exidx_end = .
                0x0000000008001f6c                . = ALIGN (0x4)

.preinit_array  0x0000000008001f6c        0x0
                0x0000000008001f6c                . = ALIGN (0x4)
                0x0000000008001f6c                PROVIDE (__preinit_array_start = .)
 *(.preinit_array*)
                0x0000000008001f6c                PROVIDE (__preinit_array_end = .)
                0x0000000008001f6c                . = ALIGN (0x4)

.init_array     0x0000000008001f6c        0x4
                0x0000000008001f6c                . = ALIGN (0x4)
                0x0000000008001f6c                PROVIDE (__init_array_start = .)
 *(SORT_BY_NAME(.init_array.*))
 *(.init_array*)
 .init_array    0x0000000008001f6c        0x4 c:/program files/programy_praca/stm32cubeide_1.9.0/stm32cubeide/plugins/com.st.stm32cube.ide.mcu.externaltools.gnu-tools-for-stm32.10.3-2021.10.win32_1.0.0.202111181127/tools/bin/../lib/gcc/arm-none-eabi/10.3.1/thumb/v7e-m+fp/hard/crtbegin.o
                0x0000000008001f70                PROVIDE (__init_array_end = .)
                0x0000000008001f70                . = ALIGN (0x4)

.fini_array     0x0000000008001f70        0x4
                0x0000000008001f70                . = ALIGN (0x4)
                [!provide]                        PROVIDE (__fini_array_start = .)
 *(SORT_BY_NAME(.fini_array.*))
 *(.fini_array*)
 .fini_array    0x0000000008001f70        0x4 c:/program files/programy_praca/stm32cubeide_1.9.0/stm32cubeide/plugins/com.st.stm32cube.ide.mcu.externaltools.gnu-tools-for-stm32.10.3-2021.10.win32_1.0.0.202111181127/tools/bin/../lib/gcc/arm-none-eabi/10.3.1/thumb/v7e-m+fp/hard/crtbegin.o
                [!provide]                        PROVIDE (__fini_array_end = .)
                0x0000000008001f74                . = ALIGN (0x4)
                0x0000000008001f74                _sidata = LOADADDR (.data)

.data           0x0000000020000000        0xc load address 0x0000000008001f74
                0x0000000020000000                . = ALIGN (0x4)
                0x0000000020000000                _sdata = .
 *(.data)
 *(.data*)
 .data.SystemCoreClock
                0x0000000020000000        0x4 ./Core/Src/system_stm32f3xx.o
                0x0000000020000000                SystemCoreClock
 .data.uwTickPrio
                0x0000000020000004        0x4 ./Drivers/STM32F3xx_HAL_Driver/Src/stm32f3xx_hal.o
                0x0000000020000004                uwTickPrio
 .data.uwTickFreq
                0x0000000020000008        0x1 ./Drivers/STM32F3xx_HAL_Driver/Src/stm32f3xx_hal.o
                0x0000000020000008                uwTickFreq
 *(.RamFunc)
 *(.RamFunc*)
                0x000000002000000c                . = ALIGN (0x4)
 *fill*         0x0000000020000009        0x3 
                0x000000002000000c                _edata = .
                0x0000000008001f80                _siccmram = LOADADDR (.ccmram)

.igot.plt       0x000000002000000c        0x0 load address 0x0000000008001f80
 .igot.plt      0x000000002000000c        0x0 c:/program files/programy_praca/stm32cubeide_1.9.0/stm32cubeide/plugins/com.st.stm32cube.ide.mcu.externaltools.gnu-tools-for-stm32.10.3-2021.10.win32_1.0.0.202111181127/tools/bin/../lib/gcc/arm-none-eabi/10.3.1/thumb/v7e-m+fp/hard/crtbegin.o

.ccmram         0x0000000010000000        0x0 load address 0x0000000008001f80
                0x0000000010000000                . = ALIGN (0x4)
                0x0000000010000000                _sccmram = .
 *(.ccmram)
 *(.ccmram*)
                0x0000000010000000                . = ALIGN (0x4)
                0x0000000010000000                _eccmram = .
                0x0000000010000000                . = ALIGN (0x4)

.bss            0x000000002000000c       0x20
                0x000000002000000c                _sbss = .
                0x000000002000000c                __bss_start__ = _sbss
 *(.bss)
 .bss           0x000000002000000c       0x1c c:/program files/programy_praca/stm32cubeide_1.9.0/stm32cubeide/plugins/com.st.stm32cube.ide.mcu.externaltools.gnu-tools-for-stm32.10.3-2021.10.win32_1.0.0.202111181127/tools/bin/../lib/gcc/arm-none-eabi/10.3.1/thumb/v7e-m+fp/hard/crtbegin.o
 *(.bss*)
 .bss.uwTick    0x0000000020000028        0x4 ./Drivers/STM32F3xx_HAL_Driver/Src/stm32f3xx_hal.o
                0x0000000020000028                uwTick
 *(COMMON)
                0x000000002000002c                . = ALIGN (0x4)
                0x000000002000002c                _ebss = .
                0x000000002000002c                __bss_end__ = _ebss

._user_heap_stack
                0x000000002000002c      0x604
                0x0000000020000030                . = ALIGN (0x8)
 *fill*         0x000000002000002c        0x4 
                [!provide]                        PROVIDE (end = .)
                0x0000000020000030                PROVIDE (_end = .)
                0x0000000020000230                . = (. + _Min_Heap_Size)
 *fill*         0x0000000020000030      0x200 
                0x0000000020000630                . = (. + _Min_Stack_Size)
 *fill*         0x0000000020000230      0x400 
                0x0000000020000630                . = ALIGN (0x8)

/DISCARD/
 libc.a(*)
 libm.a(*)
 libgcc.a(*)

.ARM.attributes
                0x0000000000000000       0x30
 *(.ARM.attributes)
 .ARM.attributes
                0x0000000000000000       0x1e c:/program files/programy_praca/stm32cubeide_1.9.0/stm32cubeide/plugins/com.st.stm32cube.ide.mcu.externaltools.gnu-tools-for-stm32.10.3-2021.10.win32_1.0.0.202111181127/tools/bin/../lib/gcc/arm-none-eabi/10.3.1/thumb/v7e-m+fp/hard/crti.o
 .ARM.attributes
                0x000000000000001e       0x34 c:/program files/programy_praca/stm32cubeide_1.9.0/stm32cubeide/plugins/com.st.stm32cube.ide.mcu.externaltools.gnu-tools-for-stm32.10.3-2021.10.win32_1.0.0.202111181127/tools/bin/../lib/gcc/arm-none-eabi/10.3.1/thumb/v7e-m+fp/hard/crtbegin.o
 .ARM.attributes
                0x0000000000000052       0x34 ./Core/Src/main.o
 .ARM.attributes
                0x0000000000000086       0x34 ./Core/Src/stm32f3xx_hal_msp.o
 .ARM.attributes
                0x00000000000000ba       0x34 ./Core/Src/stm32f3xx_it.o
 .ARM.attributes
                0x00000000000000ee       0x34 ./Core/Src/system_stm32f3xx.o
 .ARM.attributes
                0x0000000000000122       0x34 ./Drivers/STM32F3xx_HAL_Driver/Src/stm32f3xx_hal.o
 .ARM.attributes
                0x0000000000000156       0x34 ./Drivers/STM32F3xx_HAL_Driver/Src/stm32f3xx_hal_cortex.o
 .ARM.attributes
                0x000000000000018a       0x34 ./Drivers/STM32F3xx_HAL_Driver/Src/stm32f3xx_hal_gpio.o
 .ARM.attributes
                0x00000000000001be       0x34 ./Drivers/STM32F3xx_HAL_Driver/Src/stm32f3xx_hal_rcc.o
 .ARM.attributes
                0x00000000000001f2       0x21 ./Startup/startup_stm32f303retx.o
 .ARM.attributes
                0x0000000000000213       0x34 c:/program files/programy_praca/stm32cubeide_1.9.0/stm32cubeide/plugins/com.st.stm32cube.ide.mcu.externaltools.gnu-tools-for-stm32.10.3-2021.10.win32_1.0.0.202111181127/tools/bin/../lib/gcc/arm-none-eabi/10.3.1/../../../../arm-none-eabi/lib/thumb/v7e-m+fp/hard\libc_nano.a(lib_a-init.o)
 .ARM.attributes
                0x0000000000000247       0x34 c:/program files/programy_praca/stm32cubeide_1.9.0/stm32cubeide/plugins/com.st.stm32cube.ide.mcu.externaltools.gnu-tools-for-stm32.10.3-2021.10.win32_1.0.0.202111181127/tools/bin/../lib/gcc/arm-none-eabi/10.3.1/../../../../arm-none-eabi/lib/thumb/v7e-m+fp/hard\libc_nano.a(lib_a-memset.o)
 .ARM.attributes
                0x000000000000027b       0x1e c:/program files/programy_praca/stm32cubeide_1.9.0/stm32cubeide/plugins/com.st.stm32cube.ide.mcu.externaltools.gnu-tools-for-stm32.10.3-2021.10.win32_1.0.0.202111181127/tools/bin/../lib/gcc/arm-none-eabi/10.3.1/thumb/v7e-m+fp/hard/crtn.o
OUTPUT(clean_project.elf elf32-littlearm)
LOAD linker stubs
LOAD c:/program files/programy_praca/stm32cubeide_1.9.0/stm32cubeide/plugins/com.st.stm32cube.ide.mcu.externaltools.gnu-tools-for-stm32.10.3-2021.10.win32_1.0.0.202111181127/tools/bin/../lib/gcc/arm-none-eabi/10.3.1/../../../../arm-none-eabi/lib/thumb/v7e-m+fp/hard\libc.a
LOAD c:/program files/programy_praca/stm32cubeide_1.9.0/stm32cubeide/plugins/com.st.stm32cube.ide.mcu.externaltools.gnu-tools-for-stm32.10.3-2021.10.win32_1.0.0.202111181127/tools/bin/../lib/gcc/arm-none-eabi/10.3.1/../../../../arm-none-eabi/lib/thumb/v7e-m+fp/hard\libm.a
LOAD c:/program files/programy_praca/stm32cubeide_1.9.0/stm32cubeide/plugins/com.st.stm32cube.ide.mcu.externaltools.gnu-tools-for-stm32.10.3-2021.10.win32_1.0.0.202111181127/tools/bin/../lib/gcc/arm-none-eabi/10.3.1/thumb/v7e-m+fp/hard\libgcc.a

.debug_info     0x0000000000000000     0x3f5b
 .debug_info    0x0000000000000000      0x57b ./Core/Src/main.o
 .debug_info    0x000000000000057b      0x1bd ./Core/Src/stm32f3xx_hal_msp.o
 .debug_info    0x0000000000000738      0x122 ./Core/Src/stm32f3xx_it.o
 .debug_info    0x000000000000085a      0x40f ./Core/Src/system_stm32f3xx.o
 .debug_info    0x0000000000000c69      0x837 ./Drivers/STM32F3xx_HAL_Driver/Src/stm32f3xx_hal.o
 .debug_info    0x00000000000014a0      0xdb5 ./Drivers/STM32F3xx_HAL_Driver/Src/stm32f3xx_hal_cortex.o
 .debug_info    0x0000000000002255      0x74e ./Drivers/STM32F3xx_HAL_Driver/Src/stm32f3xx_hal_gpio.o
 .debug_info    0x00000000000029a3     0x1596 ./Drivers/STM32F3xx_HAL_Driver/Src/stm32f3xx_hal_rcc.o
 .debug_info    0x0000000000003f39       0x22 ./Startup/startup_stm32f303retx.o

.debug_abbrev   0x0000000000000000      0xe15
 .debug_abbrev  0x0000000000000000      0x1c3 ./Core/Src/main.o
 .debug_abbrev  0x00000000000001c3       0xde ./Core/Src/stm32f3xx_hal_msp.o
 .debug_abbrev  0x00000000000002a1       0x74 ./Core/Src/stm32f3xx_it.o
 .debug_abbrev  0x0000000000000315      0x116 ./Core/Src/system_stm32f3xx.o
 .debug_abbrev  0x000000000000042b      0x20e ./Drivers/STM32F3xx_HAL_Driver/Src/stm32f3xx_hal.o
 .debug_abbrev  0x0000000000000639      0x316 ./Drivers/STM32F3xx_HAL_Driver/Src/stm32f3xx_hal_cortex.o
 .debug_abbrev  0x000000000000094f      0x1bb ./Drivers/STM32F3xx_HAL_Driver/Src/stm32f3xx_hal_gpio.o
 .debug_abbrev  0x0000000000000b0a      0x2f9 ./Drivers/STM32F3xx_HAL_Driver/Src/stm32f3xx_hal_rcc.o
 .debug_abbrev  0x0000000000000e03       0x12 ./Startup/startup_stm32f303retx.o

.debug_aranges  0x0000000000000000      0x3e0
 .debug_aranges
                0x0000000000000000       0x38 ./Core/Src/main.o
 .debug_aranges
                0x0000000000000038       0x20 ./Core/Src/stm32f3xx_hal_msp.o
 .debug_aranges
                0x0000000000000058       0x60 ./Core/Src/stm32f3xx_it.o
 .debug_aranges
                0x00000000000000b8       0x28 ./Core/Src/system_stm32f3xx.o
 .debug_aranges
                0x00000000000000e0       0xe0 ./Drivers/STM32F3xx_HAL_Driver/Src/stm32f3xx_hal.o
 .debug_aranges
                0x00000000000001c0      0x118 ./Drivers/STM32F3xx_HAL_Driver/Src/stm32f3xx_hal_cortex.o
 .debug_aranges
                0x00000000000002d8       0x58 ./Drivers/STM32F3xx_HAL_Driver/Src/stm32f3xx_hal_gpio.o
 .debug_aranges
                0x0000000000000330       0x88 ./Drivers/STM32F3xx_HAL_Driver/Src/stm32f3xx_hal_rcc.o
 .debug_aranges
                0x00000000000003b8       0x28 ./Startup/startup_stm32f303retx.o

.debug_ranges   0x0000000000000000      0x358
 .debug_ranges  0x0000000000000000       0x28 ./Core/Src/main.o
 .debug_ranges  0x0000000000000028       0x10 ./Core/Src/stm32f3xx_hal_msp.o
 .debug_ranges  0x0000000000000038       0x50 ./Core/Src/stm32f3xx_it.o
 .debug_ranges  0x0000000000000088       0x18 ./Core/Src/system_stm32f3xx.o
 .debug_ranges  0x00000000000000a0       0xd0 ./Drivers/STM32F3xx_HAL_Driver/Src/stm32f3xx_hal.o
 .debug_ranges  0x0000000000000170      0x108 ./Drivers/STM32F3xx_HAL_Driver/Src/stm32f3xx_hal_cortex.o
 .debug_ranges  0x0000000000000278       0x48 ./Drivers/STM32F3xx_HAL_Driver/Src/stm32f3xx_hal_gpio.o
 .debug_ranges  0x00000000000002c0       0x78 ./Drivers/STM32F3xx_HAL_Driver/Src/stm32f3xx_hal_rcc.o
 .debug_ranges  0x0000000000000338       0x20 ./Startup/startup_stm32f303retx.o

.debug_macro    0x0000000000000000    0x1e164
 .debug_macro   0x0000000000000000      0x1b6 ./Core/Src/main.o
 .debug_macro   0x00000000000001b6      0xa8a ./Core/Src/main.o
 .debug_macro   0x0000000000000c40       0x22 ./Core/Src/main.o
 .debug_macro   0x0000000000000c62       0x8e ./Core/Src/main.o
 .debug_macro   0x0000000000000cf0       0x51 ./Core/Src/main.o
 .debug_macro   0x0000000000000d41      0x103 ./Core/Src/main.o
 .debug_macro   0x0000000000000e44       0x6a ./Core/Src/main.o
 .debug_macro   0x0000000000000eae      0x1df ./Core/Src/main.o
 .debug_macro   0x000000000000108d       0x28 ./Core/Src/main.o
 .debug_macro   0x00000000000010b5       0x28 ./Core/Src/main.o
 .debug_macro   0x00000000000010dd       0x1c ./Core/Src/main.o
 .debug_macro   0x00000000000010f9       0x22 ./Core/Src/main.o
 .debug_macro   0x000000000000111b       0xd9 ./Core/Src/main.o
 .debug_macro   0x00000000000011f4     0x102d ./Core/Src/main.o
 .debug_macro   0x0000000000002221      0x11f ./Core/Src/main.o
 .debug_macro   0x0000000000002340    0x1535a ./Core/Src/main.o
 .debug_macro   0x000000000001769a       0x6d ./Core/Src/main.o
 .debug_macro   0x0000000000017707      0x14b ./Core/Src/main.o
 .debug_macro   0x0000000000017852     0x3558 ./Core/Src/main.o
 .debug_macro   0x000000000001adaa      0x174 ./Core/Src/main.o
 .debug_macro   0x000000000001af1e       0x55 ./Core/Src/main.o
 .debug_macro   0x000000000001af73      0x953 ./Core/Src/main.o
 .debug_macro   0x000000000001b8c6      0x84a ./Core/Src/main.o
 .debug_macro   0x000000000001c110      0x1b5 ./Core/Src/main.o
 .debug_macro   0x000000000001c2c5      0x23a ./Core/Src/main.o
 .debug_macro   0x000000000001c4ff      0x1ea ./Core/Src/main.o
 .debug_macro   0x000000000001c6e9      0x1bc ./Core/Src/main.o
 .debug_macro   0x000000000001c8a5       0x30 ./Core/Src/main.o
 .debug_macro   0x000000000001c8d5       0x3c ./Core/Src/main.o
 .debug_macro   0x000000000001c911      0x235 ./Core/Src/main.o
 .debug_macro   0x000000000001cb46       0xc5 ./Core/Src/main.o
 .debug_macro   0x000000000001cc0b      0x21d ./Core/Src/main.o
 .debug_macro   0x000000000001ce28      0x22c ./Core/Src/main.o
 .debug_macro   0x000000000001d054       0x5b ./Core/Src/main.o
 .debug_macro   0x000000000001d0af       0xa5 ./Core/Src/main.o
 .debug_macro   0x000000000001d154       0x81 ./Core/Src/main.o
 .debug_macro   0x000000000001d1d5       0xd3 ./Core/Src/main.o
 .debug_macro   0x000000000001d2a8      0x347 ./Core/Src/main.o
 .debug_macro   0x000000000001d5ef      0x1b9 ./Core/Src/stm32f3xx_hal_msp.o
 .debug_macro   0x000000000001d7a8       0x28 ./Core/Src/stm32f3xx_hal_msp.o
 .debug_macro   0x000000000001d7d0      0x1c3 ./Core/Src/stm32f3xx_it.o
 .debug_macro   0x000000000001d993       0xda ./Core/Src/system_stm32f3xx.o
 .debug_macro   0x000000000001da6d      0x1ce ./Drivers/STM32F3xx_HAL_Driver/Src/stm32f3xx_hal.o
 .debug_macro   0x000000000001dc3b      0x1aa ./Drivers/STM32F3xx_HAL_Driver/Src/stm32f3xx_hal_cortex.o
 .debug_macro   0x000000000001dde5      0x1b1 ./Drivers/STM32F3xx_HAL_Driver/Src/stm32f3xx_hal_gpio.o
 .debug_macro   0x000000000001df96      0x1ce ./Drivers/STM32F3xx_HAL_Driver/Src/stm32f3xx_hal_rcc.o

.debug_line     0x0000000000000000     0x5981
 .debug_line    0x0000000000000000      0x89c ./Core/Src/main.o
 .debug_line    0x000000000000089c      0x80c ./Core/Src/stm32f3xx_hal_msp.o
 .debug_line    0x00000000000010a8      0x8ce ./Core/Src/stm32f3xx_it.o
 .debug_line    0x0000000000001976      0x66a ./Core/Src/system_stm32f3xx.o
 .debug_line    0x0000000000001fe0      0xab7 ./Drivers/STM32F3xx_HAL_Driver/Src/stm32f3xx_hal.o
 .debug_line    0x0000000000002a97      0xd7c ./Drivers/STM32F3xx_HAL_Driver/Src/stm32f3xx_hal_cortex.o
 .debug_line    0x0000000000003813      0xc3e ./Drivers/STM32F3xx_HAL_Driver/Src/stm32f3xx_hal_gpio.o
 .debug_line    0x0000000000004451     0x14ac ./Drivers/STM32F3xx_HAL_Driver/Src/stm32f3xx_hal_rcc.o
 .debug_line    0x00000000000058fd       0x84 ./Startup/startup_stm32f303retx.o

.debug_str      0x0000000000000000    0xb6d72
 .debug_str     0x0000000000000000    0xb5bc6 ./Core/Src/main.o
                                      0xb625c (size before relaxing)
 .debug_str     0x00000000000b5bc6       0xca ./Core/Src/stm32f3xx_hal_msp.o
                                      0xb6054 (size before relaxing)
 .debug_str     0x00000000000b5c90       0xc9 ./Core/Src/stm32f3xx_it.o
                                      0xb6066 (size before relaxing)
 .debug_str     0x00000000000b5d59       0xf3 ./Core/Src/system_stm32f3xx.o
                                      0x82f34 (size before relaxing)
 .debug_str     0x00000000000b5e4c      0x700 ./Drivers/STM32F3xx_HAL_Driver/Src/stm32f3xx_hal.o
                                      0xb6927 (size before relaxing)
 .debug_str     0x00000000000b654c      0x387 ./Drivers/STM32F3xx_HAL_Driver/Src/stm32f3xx_hal_cortex.o
                                      0xb6979 (size before relaxing)
 .debug_str     0x00000000000b68d3      0x191 ./Drivers/STM32F3xx_HAL_Driver/Src/stm32f3xx_hal_gpio.o
                                      0xb6263 (size before relaxing)
 .debug_str     0x00000000000b6a64      0x2dd ./Drivers/STM32F3xx_HAL_Driver/Src/stm32f3xx_hal_rcc.o
                                      0xb6522 (size before relaxing)
 .debug_str     0x00000000000b6d41       0x31 ./Startup/startup_stm32f303retx.o
                                         0x56 (size before relaxing)

.comment        0x0000000000000000       0x50
 .comment       0x0000000000000000       0x50 ./Core/Src/main.o
                                         0x51 (size before relaxing)
 .comment       0x0000000000000050       0x51 ./Core/Src/stm32f3xx_hal_msp.o
 .comment       0x0000000000000050       0x51 ./Core/Src/stm32f3xx_it.o
 .comment       0x0000000000000050       0x51 ./Core/Src/system_stm32f3xx.o
 .comment       0x0000000000000050       0x51 ./Drivers/STM32F3xx_HAL_Driver/Src/stm32f3xx_hal.o
 .comment       0x0000000000000050       0x51 ./Drivers/STM32F3xx_HAL_Driver/Src/stm32f3xx_hal_cortex.o
 .comment       0x0000000000000050       0x51 ./Drivers/STM32F3xx_HAL_Driver/Src/stm32f3xx_hal_gpio.o
 .comment       0x0000000000000050       0x51 ./Drivers/STM32F3xx_HAL_Driver/Src/stm32f3xx_hal_rcc.o

.debug_frame    0x0000000000000000      0xd94
 .debug_frame   0x0000000000000000       0x8c ./Core/Src/main.o
 .debug_frame   0x000000000000008c       0x34 ./Core/Src/stm32f3xx_hal_msp.o
 .debug_frame   0x00000000000000c0      0x104 ./Core/Src/stm32f3xx_it.o
 .debug_frame   0x00000000000001c4       0x58 ./Core/Src/system_stm32f3xx.o
 .debug_frame   0x000000000000021c      0x334 ./Drivers/STM32F3xx_HAL_Driver/Src/stm32f3xx_hal.o
 .debug_frame   0x0000000000000550      0x498 ./Drivers/STM32F3xx_HAL_Driver/Src/stm32f3xx_hal_cortex.o
 .debug_frame   0x00000000000009e8      0x14c ./Drivers/STM32F3xx_HAL_Driver/Src/stm32f3xx_hal_gpio.o
 .debug_frame   0x0000000000000b34      0x214 ./Drivers/STM32F3xx_HAL_Driver/Src/stm32f3xx_hal_rcc.o
 .debug_frame   0x0000000000000d48       0x2c c:/program files/programy_praca/stm32cubeide_1.9.0/stm32cubeide/plugins/com.st.stm32cube.ide.mcu.externaltools.gnu-tools-for-stm32.10.3-2021.10.win32_1.0.0.202111181127/tools/bin/../lib/gcc/arm-none-eabi/10.3.1/../../../../arm-none-eabi/lib/thumb/v7e-m+fp/hard\libc_nano.a(lib_a-init.o)
 .debug_frame   0x0000000000000d74       0x20 c:/program files/programy_praca/stm32cubeide_1.9.0/stm32cubeide/plugins/com.st.stm32cube.ide.mcu.externaltools.gnu-tools-for-stm32.10.3-2021.10.win32_1.0.0.202111181127/tools/bin/../lib/gcc/arm-none-eabi/10.3.1/../../../../arm-none-eabi/lib/thumb/v7e-m+fp/hard\libc_nano.a(lib_a-memset.o)
